// Jest Snapshot v1, https://goo.gl/fbAQLP

exports[`Shared Headers Header should correctly render Header 1`] = `
ShallowWrapper {
  "length": 1,
  Symbol(enzyme.__root__): [Circular],
  Symbol(enzyme.__unrendered__): <Header />,
  Symbol(enzyme.__renderer__): Object {
    "batchedUpdates": [Function],
    "getNode": [Function],
    "render": [Function],
    "simulateEvent": [Function],
    "unmount": [Function],
  },
  Symbol(enzyme.__node__): Object {
    "instance": null,
    "key": undefined,
    "nodeType": "host",
    "props": Object {
      "children": <Breadcrumb
        tag="nav"
>
        <BreadcrumbItem
                tag={[Function]}
                to="/"
        >
                Home
        </BreadcrumbItem>
        <BreadcrumbItem
                active={true}
                tag="span"
        />
</Breadcrumb>,
    },
    "ref": null,
    "rendered": Object {
      "instance": null,
      "key": undefined,
      "nodeType": "function",
      "props": Object {
        "children": Array [
          <BreadcrumbItem
            tag={[Function]}
            to="/"
>
            Home
</BreadcrumbItem>,
          <BreadcrumbItem
            active={true}
            tag="span"
/>,
        ],
        "tag": "nav",
      },
      "ref": null,
      "rendered": Array [
        Object {
          "instance": null,
          "key": undefined,
          "nodeType": "function",
          "props": Object {
            "children": "Home",
            "tag": [Function],
            "to": "/",
          },
          "ref": null,
          "rendered": "Home",
          "type": [Function],
        },
        Object {
          "instance": null,
          "key": undefined,
          "nodeType": "function",
          "props": Object {
            "active": true,
            "children": undefined,
            "tag": "span",
          },
          "ref": null,
          "rendered": null,
          "type": [Function],
        },
      ],
      "type": [Function],
    },
    "type": "div",
  },
  Symbol(enzyme.__nodes__): Array [
    Object {
      "instance": null,
      "key": undefined,
      "nodeType": "host",
      "props": Object {
        "children": <Breadcrumb
          tag="nav"
>
          <BreadcrumbItem
                    tag={[Function]}
                    to="/"
          >
                    Home
          </BreadcrumbItem>
          <BreadcrumbItem
                    active={true}
                    tag="span"
          />
</Breadcrumb>,
      },
      "ref": null,
      "rendered": Object {
        "instance": null,
        "key": undefined,
        "nodeType": "function",
        "props": Object {
          "children": Array [
            <BreadcrumbItem
              tag={[Function]}
              to="/"
>
              Home
</BreadcrumbItem>,
            <BreadcrumbItem
              active={true}
              tag="span"
/>,
          ],
          "tag": "nav",
        },
        "ref": null,
        "rendered": Array [
          Object {
            "instance": null,
            "key": undefined,
            "nodeType": "function",
            "props": Object {
              "children": "Home",
              "tag": [Function],
              "to": "/",
            },
            "ref": null,
            "rendered": "Home",
            "type": [Function],
          },
          Object {
            "instance": null,
            "key": undefined,
            "nodeType": "function",
            "props": Object {
              "active": true,
              "children": undefined,
              "tag": "span",
            },
            "ref": null,
            "rendered": null,
            "type": [Function],
          },
        ],
        "type": [Function],
      },
      "type": "div",
    },
  ],
  Symbol(enzyme.__options__): Object {
    "adapter": ReactSixteenAdapter {
      "options": Object {
        "enableComponentDidUpdateOnSetState": true,
      },
    },
  },
}
`;
