// Jest Snapshot v1, https://goo.gl/fbAQLP

exports[`Shared NavBar should correctly render NavBar 1`] = `
ShallowWrapper {
  "length": 1,
  Symbol(enzyme.__root__): [Circular],
  Symbol(enzyme.__unrendered__): <NavBar />,
  Symbol(enzyme.__renderer__): Object {
    "batchedUpdates": [Function],
    "getNode": [Function],
    "render": [Function],
    "simulateEvent": [Function],
    "unmount": [Function],
  },
  Symbol(enzyme.__node__): Object {
    "instance": null,
    "key": undefined,
    "nodeType": "host",
    "props": Object {
      "children": <li
        className="nav-item"
>
        <Link
                className="nav-link active nav-title"
                replace={false}
                to="/"
        >
                FamousTitle
        </Link>
</li>,
      "className": "nav navbar sticky-top navbar-light bg-light",
    },
    "ref": null,
    "rendered": Object {
      "instance": null,
      "key": undefined,
      "nodeType": "host",
      "props": Object {
        "children": <Link
          className="nav-link active nav-title"
          replace={false}
          to="/"
>
          FamousTitle
</Link>,
        "className": "nav-item",
      },
      "ref": null,
      "rendered": Object {
        "instance": null,
        "key": undefined,
        "nodeType": "class",
        "props": Object {
          "children": "FamousTitle",
          "className": "nav-link active nav-title",
          "replace": false,
          "to": "/",
        },
        "ref": null,
        "rendered": "FamousTitle",
        "type": [Function],
      },
      "type": "li",
    },
    "type": "ul",
  },
  Symbol(enzyme.__nodes__): Array [
    Object {
      "instance": null,
      "key": undefined,
      "nodeType": "host",
      "props": Object {
        "children": <li
          className="nav-item"
>
          <Link
                    className="nav-link active nav-title"
                    replace={false}
                    to="/"
          >
                    FamousTitle
          </Link>
</li>,
        "className": "nav navbar sticky-top navbar-light bg-light",
      },
      "ref": null,
      "rendered": Object {
        "instance": null,
        "key": undefined,
        "nodeType": "host",
        "props": Object {
          "children": <Link
            className="nav-link active nav-title"
            replace={false}
            to="/"
>
            FamousTitle
</Link>,
          "className": "nav-item",
        },
        "ref": null,
        "rendered": Object {
          "instance": null,
          "key": undefined,
          "nodeType": "class",
          "props": Object {
            "children": "FamousTitle",
            "className": "nav-link active nav-title",
            "replace": false,
            "to": "/",
          },
          "ref": null,
          "rendered": "FamousTitle",
          "type": [Function],
        },
        "type": "li",
      },
      "type": "ul",
    },
  ],
  Symbol(enzyme.__options__): Object {
    "adapter": ReactSixteenAdapter {
      "options": Object {
        "enableComponentDidUpdateOnSetState": true,
      },
    },
  },
}
`;
