// Jest Snapshot v1, https://goo.gl/fbAQLP

exports[`Shared Headers ProfileHeader Snapshot should correctly render ProfileHeader 1`] = `
ShallowWrapper {
  "length": 1,
  Symbol(enzyme.__root__): [Circular],
  Symbol(enzyme.__unrendered__): <ProfileHeader
    startLogout={[Function]}
/>,
  Symbol(enzyme.__renderer__): Object {
    "batchedUpdates": [Function],
    "getNode": [Function],
    "render": [Function],
    "simulateEvent": [Function],
    "unmount": [Function],
  },
  Symbol(enzyme.__node__): Object {
    "instance": null,
    "key": undefined,
    "nodeType": "function",
    "props": Object {
      "children": Array [
        <NavbarBrand
          tag={[Function]}
          to="/"
>
          famoustitle
</NavbarBrand>,
        <NavbarToggler
          onClick={[Function]}
          tag="button"
          type="button"
/>,
        <Collapse
          appear={false}
          enter={true}
          exit={true}
          in={false}
          isOpen={false}
          mountOnEnter={false}
          navbar={true}
          onEnter={[Function]}
          onEntered={[Function]}
          onEntering={[Function]}
          onExit={[Function]}
          onExited={[Function]}
          onExiting={[Function]}
          tag="div"
          timeout={350}
          unmountOnExit={false}
>
          <Nav
                    className="ml-auto"
                    navbar={true}
                    tag="ul"
                    vertical={false}
          >
                    <UncontrolledDropdown
                              inNavbar={true}
                              nav={true}
                    >
                              <Unknown>
                                        <DropdownToggle
                                                  aria-haspopup={true}
                                                  caret={true}
                                                  color="secondary"
                                                  nav={true}
                                        >
                                                  Account
                                        </DropdownToggle>
                                        <DropdownMenu
                                                  flip={true}
                                                  right={true}
                                                  tag="div"
                                        >
                                                  <DropdownItem
                                                            tag={[Function]}
                                                            to="/login"
                                                            toggle={true}
                                                  >
                                                            Login
                                                  </DropdownItem>
                                        </DropdownMenu>
                              </Unknown>
                    </UncontrolledDropdown>
          </Nav>
</Collapse>,
      ],
      "color": "faded",
      "expand": "md",
      "light": true,
      "tag": "nav",
    },
    "ref": null,
    "rendered": Array [
      Object {
        "instance": null,
        "key": undefined,
        "nodeType": "function",
        "props": Object {
          "children": "famoustitle",
          "tag": [Function],
          "to": "/",
        },
        "ref": null,
        "rendered": "famoustitle",
        "type": [Function],
      },
      Object {
        "instance": null,
        "key": undefined,
        "nodeType": "function",
        "props": Object {
          "onClick": [Function],
          "tag": "button",
          "type": "button",
        },
        "ref": null,
        "rendered": null,
        "type": [Function],
      },
      Object {
        "instance": null,
        "key": undefined,
        "nodeType": "class",
        "props": Object {
          "appear": false,
          "children": <Nav
            className="ml-auto"
            navbar={true}
            tag="ul"
            vertical={false}
>
            <UncontrolledDropdown
                        inNavbar={true}
                        nav={true}
            >
                        <Unknown>
                                    <DropdownToggle
                                                aria-haspopup={true}
                                                caret={true}
                                                color="secondary"
                                                nav={true}
                                    >
                                                Account
                                    </DropdownToggle>
                                    <DropdownMenu
                                                flip={true}
                                                right={true}
                                                tag="div"
                                    >
                                                <DropdownItem
                                                            tag={[Function]}
                                                            to="/login"
                                                            toggle={true}
                                                >
                                                            Login
                                                </DropdownItem>
                                    </DropdownMenu>
                        </Unknown>
            </UncontrolledDropdown>
</Nav>,
          "enter": true,
          "exit": true,
          "in": false,
          "isOpen": false,
          "mountOnEnter": false,
          "navbar": true,
          "onEnter": [Function],
          "onEntered": [Function],
          "onEntering": [Function],
          "onExit": [Function],
          "onExited": [Function],
          "onExiting": [Function],
          "tag": "div",
          "timeout": 350,
          "unmountOnExit": false,
        },
        "ref": null,
        "rendered": Object {
          "instance": null,
          "key": undefined,
          "nodeType": "function",
          "props": Object {
            "children": <UncontrolledDropdown
              inNavbar={true}
              nav={true}
>
              <Unknown>
                            <DropdownToggle
                                          aria-haspopup={true}
                                          caret={true}
                                          color="secondary"
                                          nav={true}
                            >
                                          Account
                            </DropdownToggle>
                            <DropdownMenu
                                          flip={true}
                                          right={true}
                                          tag="div"
                            >
                                          <DropdownItem
                                                        tag={[Function]}
                                                        to="/login"
                                                        toggle={true}
                                          >
                                                        Login
                                          </DropdownItem>
                            </DropdownMenu>
              </Unknown>
</UncontrolledDropdown>,
            "className": "ml-auto",
            "navbar": true,
            "tag": "ul",
            "vertical": false,
          },
          "ref": null,
          "rendered": Object {
            "instance": null,
            "key": undefined,
            "nodeType": "class",
            "props": Object {
              "children": <Unknown>
                <DropdownToggle
                                aria-haspopup={true}
                                caret={true}
                                color="secondary"
                                nav={true}
                >
                                Account
                </DropdownToggle>
                <DropdownMenu
                                flip={true}
                                right={true}
                                tag="div"
                >
                                <DropdownItem
                                                tag={[Function]}
                                                to="/login"
                                                toggle={true}
                                >
                                                Login
                                </DropdownItem>
                </DropdownMenu>
</Unknown>,
              "inNavbar": true,
              "nav": true,
            },
            "ref": null,
            "rendered": Object {
              "instance": null,
              "key": undefined,
              "nodeType": "function",
              "props": Object {
                "children": Array [
                  <DropdownToggle
                    aria-haspopup={true}
                    caret={true}
                    color="secondary"
                    nav={true}
>
                    Account
</DropdownToggle>,
                  <DropdownMenu
                    flip={true}
                    right={true}
                    tag="div"
>
                    <DropdownItem
                                        tag={[Function]}
                                        to="/login"
                                        toggle={true}
                    >
                                        Login
                    </DropdownItem>
</DropdownMenu>,
                ],
              },
              "ref": null,
              "rendered": Array [
                Object {
                  "instance": null,
                  "key": undefined,
                  "nodeType": "class",
                  "props": Object {
                    "aria-haspopup": true,
                    "caret": true,
                    "children": "Account",
                    "color": "secondary",
                    "nav": true,
                  },
                  "ref": null,
                  "rendered": "Account",
                  "type": [Function],
                },
                Object {
                  "instance": null,
                  "key": undefined,
                  "nodeType": "function",
                  "props": Object {
                    "children": <DropdownItem
                      tag={[Function]}
                      to="/login"
                      toggle={true}
>
                      Login
</DropdownItem>,
                    "flip": true,
                    "right": true,
                    "tag": "div",
                  },
                  "ref": null,
                  "rendered": Object {
                    "instance": null,
                    "key": undefined,
                    "nodeType": "class",
                    "props": Object {
                      "children": "Login",
                      "tag": [Function],
                      "to": "/login",
                      "toggle": true,
                    },
                    "ref": null,
                    "rendered": "Login",
                    "type": [Function],
                  },
                  "type": [Function],
                },
              ],
              "type": Symbol(react.fragment),
            },
            "type": [Function],
          },
          "type": [Function],
        },
        "type": [Function],
      },
    ],
    "type": [Function],
  },
  Symbol(enzyme.__nodes__): Array [
    Object {
      "instance": null,
      "key": undefined,
      "nodeType": "function",
      "props": Object {
        "children": Array [
          <NavbarBrand
            tag={[Function]}
            to="/"
>
            famoustitle
</NavbarBrand>,
          <NavbarToggler
            onClick={[Function]}
            tag="button"
            type="button"
/>,
          <Collapse
            appear={false}
            enter={true}
            exit={true}
            in={false}
            isOpen={false}
            mountOnEnter={false}
            navbar={true}
            onEnter={[Function]}
            onEntered={[Function]}
            onEntering={[Function]}
            onExit={[Function]}
            onExited={[Function]}
            onExiting={[Function]}
            tag="div"
            timeout={350}
            unmountOnExit={false}
>
            <Nav
                        className="ml-auto"
                        navbar={true}
                        tag="ul"
                        vertical={false}
            >
                        <UncontrolledDropdown
                                    inNavbar={true}
                                    nav={true}
                        >
                                    <Unknown>
                                                <DropdownToggle
                                                            aria-haspopup={true}
                                                            caret={true}
                                                            color="secondary"
                                                            nav={true}
                                                >
                                                            Account
                                                </DropdownToggle>
                                                <DropdownMenu
                                                            flip={true}
                                                            right={true}
                                                            tag="div"
                                                >
                                                            <DropdownItem
                                                                        tag={[Function]}
                                                                        to="/login"
                                                                        toggle={true}
                                                            >
                                                                        Login
                                                            </DropdownItem>
                                                </DropdownMenu>
                                    </Unknown>
                        </UncontrolledDropdown>
            </Nav>
</Collapse>,
        ],
        "color": "faded",
        "expand": "md",
        "light": true,
        "tag": "nav",
      },
      "ref": null,
      "rendered": Array [
        Object {
          "instance": null,
          "key": undefined,
          "nodeType": "function",
          "props": Object {
            "children": "famoustitle",
            "tag": [Function],
            "to": "/",
          },
          "ref": null,
          "rendered": "famoustitle",
          "type": [Function],
        },
        Object {
          "instance": null,
          "key": undefined,
          "nodeType": "function",
          "props": Object {
            "onClick": [Function],
            "tag": "button",
            "type": "button",
          },
          "ref": null,
          "rendered": null,
          "type": [Function],
        },
        Object {
          "instance": null,
          "key": undefined,
          "nodeType": "class",
          "props": Object {
            "appear": false,
            "children": <Nav
              className="ml-auto"
              navbar={true}
              tag="ul"
              vertical={false}
>
              <UncontrolledDropdown
                            inNavbar={true}
                            nav={true}
              >
                            <Unknown>
                                          <DropdownToggle
                                                        aria-haspopup={true}
                                                        caret={true}
                                                        color="secondary"
                                                        nav={true}
                                          >
                                                        Account
                                          </DropdownToggle>
                                          <DropdownMenu
                                                        flip={true}
                                                        right={true}
                                                        tag="div"
                                          >
                                                        <DropdownItem
                                                                      tag={[Function]}
                                                                      to="/login"
                                                                      toggle={true}
                                                        >
                                                                      Login
                                                        </DropdownItem>
                                          </DropdownMenu>
                            </Unknown>
              </UncontrolledDropdown>
</Nav>,
            "enter": true,
            "exit": true,
            "in": false,
            "isOpen": false,
            "mountOnEnter": false,
            "navbar": true,
            "onEnter": [Function],
            "onEntered": [Function],
            "onEntering": [Function],
            "onExit": [Function],
            "onExited": [Function],
            "onExiting": [Function],
            "tag": "div",
            "timeout": 350,
            "unmountOnExit": false,
          },
          "ref": null,
          "rendered": Object {
            "instance": null,
            "key": undefined,
            "nodeType": "function",
            "props": Object {
              "children": <UncontrolledDropdown
                inNavbar={true}
                nav={true}
>
                <Unknown>
                                <DropdownToggle
                                                aria-haspopup={true}
                                                caret={true}
                                                color="secondary"
                                                nav={true}
                                >
                                                Account
                                </DropdownToggle>
                                <DropdownMenu
                                                flip={true}
                                                right={true}
                                                tag="div"
                                >
                                                <DropdownItem
                                                                tag={[Function]}
                                                                to="/login"
                                                                toggle={true}
                                                >
                                                                Login
                                                </DropdownItem>
                                </DropdownMenu>
                </Unknown>
</UncontrolledDropdown>,
              "className": "ml-auto",
              "navbar": true,
              "tag": "ul",
              "vertical": false,
            },
            "ref": null,
            "rendered": Object {
              "instance": null,
              "key": undefined,
              "nodeType": "class",
              "props": Object {
                "children": <Unknown>
                  <DropdownToggle
                                    aria-haspopup={true}
                                    caret={true}
                                    color="secondary"
                                    nav={true}
                  >
                                    Account
                  </DropdownToggle>
                  <DropdownMenu
                                    flip={true}
                                    right={true}
                                    tag="div"
                  >
                                    <DropdownItem
                                                      tag={[Function]}
                                                      to="/login"
                                                      toggle={true}
                                    >
                                                      Login
                                    </DropdownItem>
                  </DropdownMenu>
</Unknown>,
                "inNavbar": true,
                "nav": true,
              },
              "ref": null,
              "rendered": Object {
                "instance": null,
                "key": undefined,
                "nodeType": "function",
                "props": Object {
                  "children": Array [
                    <DropdownToggle
                      aria-haspopup={true}
                      caret={true}
                      color="secondary"
                      nav={true}
>
                      Account
</DropdownToggle>,
                    <DropdownMenu
                      flip={true}
                      right={true}
                      tag="div"
>
                      <DropdownItem
                                            tag={[Function]}
                                            to="/login"
                                            toggle={true}
                      >
                                            Login
                      </DropdownItem>
</DropdownMenu>,
                  ],
                },
                "ref": null,
                "rendered": Array [
                  Object {
                    "instance": null,
                    "key": undefined,
                    "nodeType": "class",
                    "props": Object {
                      "aria-haspopup": true,
                      "caret": true,
                      "children": "Account",
                      "color": "secondary",
                      "nav": true,
                    },
                    "ref": null,
                    "rendered": "Account",
                    "type": [Function],
                  },
                  Object {
                    "instance": null,
                    "key": undefined,
                    "nodeType": "function",
                    "props": Object {
                      "children": <DropdownItem
                        tag={[Function]}
                        to="/login"
                        toggle={true}
>
                        Login
</DropdownItem>,
                      "flip": true,
                      "right": true,
                      "tag": "div",
                    },
                    "ref": null,
                    "rendered": Object {
                      "instance": null,
                      "key": undefined,
                      "nodeType": "class",
                      "props": Object {
                        "children": "Login",
                        "tag": [Function],
                        "to": "/login",
                        "toggle": true,
                      },
                      "ref": null,
                      "rendered": "Login",
                      "type": [Function],
                    },
                    "type": [Function],
                  },
                ],
                "type": Symbol(react.fragment),
              },
              "type": [Function],
            },
            "type": [Function],
          },
          "type": [Function],
        },
      ],
      "type": [Function],
    },
  ],
  Symbol(enzyme.__options__): Object {
    "adapter": ReactSixteenAdapter {
      "options": Object {
        "enableComponentDidUpdateOnSetState": true,
      },
    },
  },
}
`;
