// Jest Snapshot v1, https://goo.gl/fbAQLP

exports[`Components HomePage Header Snapshot should correctly render Header 1`] = `
ShallowWrapper {
  "length": 1,
  Symbol(enzyme.__root__): [Circular],
  Symbol(enzyme.__unrendered__): <Unknown />,
  Symbol(enzyme.__renderer__): Object {
    "batchedUpdates": [Function],
    "getNode": [Function],
    "render": [Function],
    "simulateEvent": [Function],
    "unmount": [Function],
  },
  Symbol(enzyme.__node__): Object {
    "instance": null,
    "key": undefined,
    "nodeType": "host",
    "props": Object {
      "children": <div
        className="container"
>
        <div
                className="row"
        >
                <div
                        className="col-lg-12"
                >
                        <h2>
                                famoustitle! (beta)
                        </h2>
                        <p
                                className="subtitle text-muted"
                        >
                                News articles with helpful tips and how-to guides for all things related to software development. The main focus of these articles is to find better approaches to the software development process.
                        </p>
                </div>
        </div>
</div>,
      "className": "pt-5",
    },
    "ref": null,
    "rendered": Object {
      "instance": null,
      "key": undefined,
      "nodeType": "host",
      "props": Object {
        "children": <div
          className="row"
>
          <div
                    className="col-lg-12"
          >
                    <h2>
                              famoustitle! (beta)
                    </h2>
                    <p
                              className="subtitle text-muted"
                    >
                              News articles with helpful tips and how-to guides for all things related to software development. The main focus of these articles is to find better approaches to the software development process.
                    </p>
          </div>
</div>,
        "className": "container",
      },
      "ref": null,
      "rendered": Object {
        "instance": null,
        "key": undefined,
        "nodeType": "host",
        "props": Object {
          "children": <div
            className="col-lg-12"
>
            <h2>
                        famoustitle! (beta)
            </h2>
            <p
                        className="subtitle text-muted"
            >
                        News articles with helpful tips and how-to guides for all things related to software development. The main focus of these articles is to find better approaches to the software development process.
            </p>
</div>,
          "className": "row",
        },
        "ref": null,
        "rendered": Object {
          "instance": null,
          "key": undefined,
          "nodeType": "host",
          "props": Object {
            "children": Array [
              <h2>
                famoustitle! (beta)
</h2>,
              <p
                className="subtitle text-muted"
>
                News articles with helpful tips and how-to guides for all things related to software development. The main focus of these articles is to find better approaches to the software development process.
</p>,
            ],
            "className": "col-lg-12",
          },
          "ref": null,
          "rendered": Array [
            Object {
              "instance": null,
              "key": undefined,
              "nodeType": "host",
              "props": Object {
                "children": "famoustitle! (beta)",
              },
              "ref": null,
              "rendered": "famoustitle! (beta)",
              "type": "h2",
            },
            Object {
              "instance": null,
              "key": undefined,
              "nodeType": "host",
              "props": Object {
                "children": "News articles with helpful tips and how-to guides for all things related to software development. The main focus of these articles is to find better approaches to the software development process.",
                "className": "subtitle text-muted",
              },
              "ref": null,
              "rendered": "News articles with helpful tips and how-to guides for all things related to software development. The main focus of these articles is to find better approaches to the software development process.",
              "type": "p",
            },
          ],
          "type": "div",
        },
        "type": "div",
      },
      "type": "div",
    },
    "type": "header",
  },
  Symbol(enzyme.__nodes__): Array [
    Object {
      "instance": null,
      "key": undefined,
      "nodeType": "host",
      "props": Object {
        "children": <div
          className="container"
>
          <div
                    className="row"
          >
                    <div
                              className="col-lg-12"
                    >
                              <h2>
                                        famoustitle! (beta)
                              </h2>
                              <p
                                        className="subtitle text-muted"
                              >
                                        News articles with helpful tips and how-to guides for all things related to software development. The main focus of these articles is to find better approaches to the software development process.
                              </p>
                    </div>
          </div>
</div>,
        "className": "pt-5",
      },
      "ref": null,
      "rendered": Object {
        "instance": null,
        "key": undefined,
        "nodeType": "host",
        "props": Object {
          "children": <div
            className="row"
>
            <div
                        className="col-lg-12"
            >
                        <h2>
                                    famoustitle! (beta)
                        </h2>
                        <p
                                    className="subtitle text-muted"
                        >
                                    News articles with helpful tips and how-to guides for all things related to software development. The main focus of these articles is to find better approaches to the software development process.
                        </p>
            </div>
</div>,
          "className": "container",
        },
        "ref": null,
        "rendered": Object {
          "instance": null,
          "key": undefined,
          "nodeType": "host",
          "props": Object {
            "children": <div
              className="col-lg-12"
>
              <h2>
                            famoustitle! (beta)
              </h2>
              <p
                            className="subtitle text-muted"
              >
                            News articles with helpful tips and how-to guides for all things related to software development. The main focus of these articles is to find better approaches to the software development process.
              </p>
</div>,
            "className": "row",
          },
          "ref": null,
          "rendered": Object {
            "instance": null,
            "key": undefined,
            "nodeType": "host",
            "props": Object {
              "children": Array [
                <h2>
                  famoustitle! (beta)
</h2>,
                <p
                  className="subtitle text-muted"
>
                  News articles with helpful tips and how-to guides for all things related to software development. The main focus of these articles is to find better approaches to the software development process.
</p>,
              ],
              "className": "col-lg-12",
            },
            "ref": null,
            "rendered": Array [
              Object {
                "instance": null,
                "key": undefined,
                "nodeType": "host",
                "props": Object {
                  "children": "famoustitle! (beta)",
                },
                "ref": null,
                "rendered": "famoustitle! (beta)",
                "type": "h2",
              },
              Object {
                "instance": null,
                "key": undefined,
                "nodeType": "host",
                "props": Object {
                  "children": "News articles with helpful tips and how-to guides for all things related to software development. The main focus of these articles is to find better approaches to the software development process.",
                  "className": "subtitle text-muted",
                },
                "ref": null,
                "rendered": "News articles with helpful tips and how-to guides for all things related to software development. The main focus of these articles is to find better approaches to the software development process.",
                "type": "p",
              },
            ],
            "type": "div",
          },
          "type": "div",
        },
        "type": "div",
      },
      "type": "header",
    },
  ],
  Symbol(enzyme.__options__): Object {
    "adapter": ReactSixteenAdapter {
      "options": Object {
        "enableComponentDidUpdateOnSetState": true,
      },
    },
  },
}
`;
