// Jest Snapshot v1, https://goo.gl/fbAQLP

exports[`Components HomePage HomePage Snapshot should correctly render HomePage 1`] = `
ShallowWrapper {
  "length": 1,
  Symbol(enzyme.__root__): [Circular],
  Symbol(enzyme.__unrendered__): <HomePage />,
  Symbol(enzyme.__renderer__): Object {
    "batchedUpdates": [Function],
    "getNode": [Function],
    "render": [Function],
    "simulateEvent": [Function],
    "unmount": [Function],
  },
  Symbol(enzyme.__node__): Object {
    "instance": null,
    "key": undefined,
    "nodeType": "host",
    "props": Object {
      "children": Array [
        <Unknown />,
        <div
          className="container pt-5"
>
          <div
                    className="row"
          >
                    <div
                              className="col-xl-4"
                    >
                              <Unknown />
                    </div>
                    <div
                              className="col-xl-8 main--content"
                    >
                              <Unknown />
                              <Unknown />
                              <Unknown />
                              <Unknown />
                              <Unknown />
                              <Unknown
                                        currentPage={7}
                                        totalPages={10}
                              />
                    </div>
          </div>
</div>,
        <footer
          className="text-muted"
>
          created by Tha Leang
</footer>,
      ],
      "className": "canvas",
    },
    "ref": null,
    "rendered": Array [
      Object {
        "instance": null,
        "key": undefined,
        "nodeType": "function",
        "props": Object {},
        "ref": null,
        "rendered": null,
        "type": [Function],
      },
      Object {
        "instance": null,
        "key": undefined,
        "nodeType": "host",
        "props": Object {
          "children": <div
            className="row"
>
            <div
                        className="col-xl-4"
            >
                        <Unknown />
            </div>
            <div
                        className="col-xl-8 main--content"
            >
                        <Unknown />
                        <Unknown />
                        <Unknown />
                        <Unknown />
                        <Unknown />
                        <Unknown
                                    currentPage={7}
                                    totalPages={10}
                        />
            </div>
</div>,
          "className": "container pt-5",
        },
        "ref": null,
        "rendered": Object {
          "instance": null,
          "key": undefined,
          "nodeType": "host",
          "props": Object {
            "children": Array [
              <div
                className="col-xl-4"
>
                <Unknown />
</div>,
              <div
                className="col-xl-8 main--content"
>
                <Unknown />
                <Unknown />
                <Unknown />
                <Unknown />
                <Unknown />
                <Unknown
                                currentPage={7}
                                totalPages={10}
                />
</div>,
            ],
            "className": "row",
          },
          "ref": null,
          "rendered": Array [
            Object {
              "instance": null,
              "key": undefined,
              "nodeType": "host",
              "props": Object {
                "children": <Unknown />,
                "className": "col-xl-4",
              },
              "ref": null,
              "rendered": Object {
                "instance": null,
                "key": undefined,
                "nodeType": "function",
                "props": Object {},
                "ref": null,
                "rendered": null,
                "type": [Function],
              },
              "type": "div",
            },
            Object {
              "instance": null,
              "key": undefined,
              "nodeType": "host",
              "props": Object {
                "children": Array [
                  <Unknown />,
                  <Unknown />,
                  <Unknown />,
                  <Unknown />,
                  <Unknown />,
                  <Unknown
                    currentPage={7}
                    totalPages={10}
/>,
                ],
                "className": "col-xl-8 main--content",
              },
              "ref": null,
              "rendered": Array [
                Object {
                  "instance": null,
                  "key": undefined,
                  "nodeType": "function",
                  "props": Object {},
                  "ref": null,
                  "rendered": null,
                  "type": [Function],
                },
                Object {
                  "instance": null,
                  "key": undefined,
                  "nodeType": "function",
                  "props": Object {},
                  "ref": null,
                  "rendered": null,
                  "type": [Function],
                },
                Object {
                  "instance": null,
                  "key": undefined,
                  "nodeType": "function",
                  "props": Object {},
                  "ref": null,
                  "rendered": null,
                  "type": [Function],
                },
                Object {
                  "instance": null,
                  "key": undefined,
                  "nodeType": "function",
                  "props": Object {},
                  "ref": null,
                  "rendered": null,
                  "type": [Function],
                },
                Object {
                  "instance": null,
                  "key": undefined,
                  "nodeType": "function",
                  "props": Object {},
                  "ref": null,
                  "rendered": null,
                  "type": [Function],
                },
                Object {
                  "instance": null,
                  "key": undefined,
                  "nodeType": "function",
                  "props": Object {
                    "currentPage": 7,
                    "totalPages": 10,
                  },
                  "ref": null,
                  "rendered": null,
                  "type": [Function],
                },
              ],
              "type": "div",
            },
          ],
          "type": "div",
        },
        "type": "div",
      },
      Object {
        "instance": null,
        "key": undefined,
        "nodeType": "host",
        "props": Object {
          "children": "created by Tha Leang",
          "className": "text-muted",
        },
        "ref": null,
        "rendered": "created by Tha Leang",
        "type": "footer",
      },
    ],
    "type": "div",
  },
  Symbol(enzyme.__nodes__): Array [
    Object {
      "instance": null,
      "key": undefined,
      "nodeType": "host",
      "props": Object {
        "children": Array [
          <Unknown />,
          <div
            className="container pt-5"
>
            <div
                        className="row"
            >
                        <div
                                    className="col-xl-4"
                        >
                                    <Unknown />
                        </div>
                        <div
                                    className="col-xl-8 main--content"
                        >
                                    <Unknown />
                                    <Unknown />
                                    <Unknown />
                                    <Unknown />
                                    <Unknown />
                                    <Unknown
                                                currentPage={7}
                                                totalPages={10}
                                    />
                        </div>
            </div>
</div>,
          <footer
            className="text-muted"
>
            created by Tha Leang
</footer>,
        ],
        "className": "canvas",
      },
      "ref": null,
      "rendered": Array [
        Object {
          "instance": null,
          "key": undefined,
          "nodeType": "function",
          "props": Object {},
          "ref": null,
          "rendered": null,
          "type": [Function],
        },
        Object {
          "instance": null,
          "key": undefined,
          "nodeType": "host",
          "props": Object {
            "children": <div
              className="row"
>
              <div
                            className="col-xl-4"
              >
                            <Unknown />
              </div>
              <div
                            className="col-xl-8 main--content"
              >
                            <Unknown />
                            <Unknown />
                            <Unknown />
                            <Unknown />
                            <Unknown />
                            <Unknown
                                          currentPage={7}
                                          totalPages={10}
                            />
              </div>
</div>,
            "className": "container pt-5",
          },
          "ref": null,
          "rendered": Object {
            "instance": null,
            "key": undefined,
            "nodeType": "host",
            "props": Object {
              "children": Array [
                <div
                  className="col-xl-4"
>
                  <Unknown />
</div>,
                <div
                  className="col-xl-8 main--content"
>
                  <Unknown />
                  <Unknown />
                  <Unknown />
                  <Unknown />
                  <Unknown />
                  <Unknown
                                    currentPage={7}
                                    totalPages={10}
                  />
</div>,
              ],
              "className": "row",
            },
            "ref": null,
            "rendered": Array [
              Object {
                "instance": null,
                "key": undefined,
                "nodeType": "host",
                "props": Object {
                  "children": <Unknown />,
                  "className": "col-xl-4",
                },
                "ref": null,
                "rendered": Object {
                  "instance": null,
                  "key": undefined,
                  "nodeType": "function",
                  "props": Object {},
                  "ref": null,
                  "rendered": null,
                  "type": [Function],
                },
                "type": "div",
              },
              Object {
                "instance": null,
                "key": undefined,
                "nodeType": "host",
                "props": Object {
                  "children": Array [
                    <Unknown />,
                    <Unknown />,
                    <Unknown />,
                    <Unknown />,
                    <Unknown />,
                    <Unknown
                      currentPage={7}
                      totalPages={10}
/>,
                  ],
                  "className": "col-xl-8 main--content",
                },
                "ref": null,
                "rendered": Array [
                  Object {
                    "instance": null,
                    "key": undefined,
                    "nodeType": "function",
                    "props": Object {},
                    "ref": null,
                    "rendered": null,
                    "type": [Function],
                  },
                  Object {
                    "instance": null,
                    "key": undefined,
                    "nodeType": "function",
                    "props": Object {},
                    "ref": null,
                    "rendered": null,
                    "type": [Function],
                  },
                  Object {
                    "instance": null,
                    "key": undefined,
                    "nodeType": "function",
                    "props": Object {},
                    "ref": null,
                    "rendered": null,
                    "type": [Function],
                  },
                  Object {
                    "instance": null,
                    "key": undefined,
                    "nodeType": "function",
                    "props": Object {},
                    "ref": null,
                    "rendered": null,
                    "type": [Function],
                  },
                  Object {
                    "instance": null,
                    "key": undefined,
                    "nodeType": "function",
                    "props": Object {},
                    "ref": null,
                    "rendered": null,
                    "type": [Function],
                  },
                  Object {
                    "instance": null,
                    "key": undefined,
                    "nodeType": "function",
                    "props": Object {
                      "currentPage": 7,
                      "totalPages": 10,
                    },
                    "ref": null,
                    "rendered": null,
                    "type": [Function],
                  },
                ],
                "type": "div",
              },
            ],
            "type": "div",
          },
          "type": "div",
        },
        Object {
          "instance": null,
          "key": undefined,
          "nodeType": "host",
          "props": Object {
            "children": "created by Tha Leang",
            "className": "text-muted",
          },
          "ref": null,
          "rendered": "created by Tha Leang",
          "type": "footer",
        },
      ],
      "type": "div",
    },
  ],
  Symbol(enzyme.__options__): Object {
    "adapter": ReactSixteenAdapter {
      "options": Object {
        "enableComponentDidUpdateOnSetState": true,
      },
    },
  },
}
`;
