// Jest Snapshot v1, https://goo.gl/fbAQLP

exports[`Components Auth LoginPage Snapshot should correctly render LoginPage 1`] = `
ShallowWrapper {
  "length": 1,
  Symbol(enzyme.__root__): [Circular],
  Symbol(enzyme.__unrendered__): <LoginPage />,
  Symbol(enzyme.__renderer__): Object {
    "batchedUpdates": [Function],
    "getNode": [Function],
    "render": [Function],
    "simulateEvent": [Function],
    "unmount": [Function],
  },
  Symbol(enzyme.__node__): Object {
    "instance": null,
    "key": undefined,
    "nodeType": "function",
    "props": Object {
      "children": <div
        className="container"
>
        <Form
                autoComplete="off"
                onSubmit={[Function]}
                tag="form"
        >
                <FormGroup
                        tag="div"
                >
                        <Input
                                name="email"
                                onChange={[Function]}
                                placeholder="Enter your email"
                                type="email"
                                value="test@test.com"
                        />
                </FormGroup>
                <FormGroup
                        tag="div"
                >
                        <Input
                                name="password"
                                onChange={[Function]}
                                placeholder="Enter your password"
                                type="password"
                                value=""
                        />
                </FormGroup>
                
                <div
                        className="clearfix"
                >
                        <Button
                                color="primary float-right"
                                disabled={false}
                                size="lg"
                                tag="button"
                        >
                                Login
                        </Button>
                </div>
        </Form>
</div>,
    },
    "ref": null,
    "rendered": Object {
      "instance": null,
      "key": undefined,
      "nodeType": "host",
      "props": Object {
        "children": <Form
          autoComplete="off"
          onSubmit={[Function]}
          tag="form"
>
          <FormGroup
                    tag="div"
          >
                    <Input
                              name="email"
                              onChange={[Function]}
                              placeholder="Enter your email"
                              type="email"
                              value="test@test.com"
                    />
          </FormGroup>
          <FormGroup
                    tag="div"
          >
                    <Input
                              name="password"
                              onChange={[Function]}
                              placeholder="Enter your password"
                              type="password"
                              value=""
                    />
          </FormGroup>
          
          <div
                    className="clearfix"
          >
                    <Button
                              color="primary float-right"
                              disabled={false}
                              size="lg"
                              tag="button"
                    >
                              Login
                    </Button>
          </div>
</Form>,
        "className": "container",
      },
      "ref": null,
      "rendered": Object {
        "instance": null,
        "key": undefined,
        "nodeType": "function",
        "props": Object {
          "autoComplete": "off",
          "children": Array [
            <FormGroup
              tag="div"
>
              <Input
                            name="email"
                            onChange={[Function]}
                            placeholder="Enter your email"
                            type="email"
                            value="test@test.com"
              />
</FormGroup>,
            <FormGroup
              tag="div"
>
              <Input
                            name="password"
                            onChange={[Function]}
                            placeholder="Enter your password"
                            type="password"
                            value=""
              />
</FormGroup>,
            "",
            <div
              className="clearfix"
>
              <Button
                            color="primary float-right"
                            disabled={false}
                            size="lg"
                            tag="button"
              >
                            Login
              </Button>
</div>,
          ],
          "onSubmit": [Function],
          "tag": "form",
        },
        "ref": null,
        "rendered": Array [
          Object {
            "instance": null,
            "key": undefined,
            "nodeType": "function",
            "props": Object {
              "children": <Input
                name="email"
                onChange={[Function]}
                placeholder="Enter your email"
                type="email"
                value="test@test.com"
/>,
              "tag": "div",
            },
            "ref": null,
            "rendered": Object {
              "instance": null,
              "key": undefined,
              "nodeType": "class",
              "props": Object {
                "name": "email",
                "onChange": [Function],
                "placeholder": "Enter your email",
                "type": "email",
                "value": "test@test.com",
              },
              "ref": null,
              "rendered": null,
              "type": [Function],
            },
            "type": [Function],
          },
          Object {
            "instance": null,
            "key": undefined,
            "nodeType": "function",
            "props": Object {
              "children": <Input
                name="password"
                onChange={[Function]}
                placeholder="Enter your password"
                type="password"
                value=""
/>,
              "tag": "div",
            },
            "ref": null,
            "rendered": Object {
              "instance": null,
              "key": undefined,
              "nodeType": "class",
              "props": Object {
                "name": "password",
                "onChange": [Function],
                "placeholder": "Enter your password",
                "type": "password",
                "value": "",
              },
              "ref": null,
              "rendered": null,
              "type": [Function],
            },
            "type": [Function],
          },
          "",
          Object {
            "instance": null,
            "key": undefined,
            "nodeType": "host",
            "props": Object {
              "children": <Button
                color="primary float-right"
                disabled={false}
                size="lg"
                tag="button"
>
                Login
</Button>,
              "className": "clearfix",
            },
            "ref": null,
            "rendered": Object {
              "instance": null,
              "key": undefined,
              "nodeType": "class",
              "props": Object {
                "children": "Login",
                "color": "primary float-right",
                "disabled": false,
                "size": "lg",
                "tag": "button",
              },
              "ref": null,
              "rendered": "Login",
              "type": [Function],
            },
            "type": "div",
          },
        ],
        "type": [Function],
      },
      "type": "div",
    },
    "type": Symbol(react.fragment),
  },
  Symbol(enzyme.__nodes__): Array [
    Object {
      "instance": null,
      "key": undefined,
      "nodeType": "function",
      "props": Object {
        "children": <div
          className="container"
>
          <Form
                    autoComplete="off"
                    onSubmit={[Function]}
                    tag="form"
          >
                    <FormGroup
                              tag="div"
                    >
                              <Input
                                        name="email"
                                        onChange={[Function]}
                                        placeholder="Enter your email"
                                        type="email"
                                        value="test@test.com"
                              />
                    </FormGroup>
                    <FormGroup
                              tag="div"
                    >
                              <Input
                                        name="password"
                                        onChange={[Function]}
                                        placeholder="Enter your password"
                                        type="password"
                                        value=""
                              />
                    </FormGroup>
                    
                    <div
                              className="clearfix"
                    >
                              <Button
                                        color="primary float-right"
                                        disabled={false}
                                        size="lg"
                                        tag="button"
                              >
                                        Login
                              </Button>
                    </div>
          </Form>
</div>,
      },
      "ref": null,
      "rendered": Object {
        "instance": null,
        "key": undefined,
        "nodeType": "host",
        "props": Object {
          "children": <Form
            autoComplete="off"
            onSubmit={[Function]}
            tag="form"
>
            <FormGroup
                        tag="div"
            >
                        <Input
                                    name="email"
                                    onChange={[Function]}
                                    placeholder="Enter your email"
                                    type="email"
                                    value="test@test.com"
                        />
            </FormGroup>
            <FormGroup
                        tag="div"
            >
                        <Input
                                    name="password"
                                    onChange={[Function]}
                                    placeholder="Enter your password"
                                    type="password"
                                    value=""
                        />
            </FormGroup>
            
            <div
                        className="clearfix"
            >
                        <Button
                                    color="primary float-right"
                                    disabled={false}
                                    size="lg"
                                    tag="button"
                        >
                                    Login
                        </Button>
            </div>
</Form>,
          "className": "container",
        },
        "ref": null,
        "rendered": Object {
          "instance": null,
          "key": undefined,
          "nodeType": "function",
          "props": Object {
            "autoComplete": "off",
            "children": Array [
              <FormGroup
                tag="div"
>
                <Input
                                name="email"
                                onChange={[Function]}
                                placeholder="Enter your email"
                                type="email"
                                value="test@test.com"
                />
</FormGroup>,
              <FormGroup
                tag="div"
>
                <Input
                                name="password"
                                onChange={[Function]}
                                placeholder="Enter your password"
                                type="password"
                                value=""
                />
</FormGroup>,
              "",
              <div
                className="clearfix"
>
                <Button
                                color="primary float-right"
                                disabled={false}
                                size="lg"
                                tag="button"
                >
                                Login
                </Button>
</div>,
            ],
            "onSubmit": [Function],
            "tag": "form",
          },
          "ref": null,
          "rendered": Array [
            Object {
              "instance": null,
              "key": undefined,
              "nodeType": "function",
              "props": Object {
                "children": <Input
                  name="email"
                  onChange={[Function]}
                  placeholder="Enter your email"
                  type="email"
                  value="test@test.com"
/>,
                "tag": "div",
              },
              "ref": null,
              "rendered": Object {
                "instance": null,
                "key": undefined,
                "nodeType": "class",
                "props": Object {
                  "name": "email",
                  "onChange": [Function],
                  "placeholder": "Enter your email",
                  "type": "email",
                  "value": "test@test.com",
                },
                "ref": null,
                "rendered": null,
                "type": [Function],
              },
              "type": [Function],
            },
            Object {
              "instance": null,
              "key": undefined,
              "nodeType": "function",
              "props": Object {
                "children": <Input
                  name="password"
                  onChange={[Function]}
                  placeholder="Enter your password"
                  type="password"
                  value=""
/>,
                "tag": "div",
              },
              "ref": null,
              "rendered": Object {
                "instance": null,
                "key": undefined,
                "nodeType": "class",
                "props": Object {
                  "name": "password",
                  "onChange": [Function],
                  "placeholder": "Enter your password",
                  "type": "password",
                  "value": "",
                },
                "ref": null,
                "rendered": null,
                "type": [Function],
              },
              "type": [Function],
            },
            "",
            Object {
              "instance": null,
              "key": undefined,
              "nodeType": "host",
              "props": Object {
                "children": <Button
                  color="primary float-right"
                  disabled={false}
                  size="lg"
                  tag="button"
>
                  Login
</Button>,
                "className": "clearfix",
              },
              "ref": null,
              "rendered": Object {
                "instance": null,
                "key": undefined,
                "nodeType": "class",
                "props": Object {
                  "children": "Login",
                  "color": "primary float-right",
                  "disabled": false,
                  "size": "lg",
                  "tag": "button",
                },
                "ref": null,
                "rendered": "Login",
                "type": [Function],
              },
              "type": "div",
            },
          ],
          "type": [Function],
        },
        "type": "div",
      },
      "type": Symbol(react.fragment),
    },
  ],
  Symbol(enzyme.__options__): Object {
    "adapter": ReactSixteenAdapter {
      "options": Object {
        "enableComponentDidUpdateOnSetState": true,
      },
    },
  },
}
`;
