// Jest Snapshot v1, https://goo.gl/fbAQLP

exports[`Components Auth RegisterPage Snapshot should correctly render RegisterPage 1`] = `
ShallowWrapper {
  "length": 1,
  Symbol(enzyme.__root__): [Circular],
  Symbol(enzyme.__unrendered__): <RegisterPage />,
  Symbol(enzyme.__renderer__): Object {
    "batchedUpdates": [Function],
    "getNode": [Function],
    "render": [Function],
    "simulateEvent": [Function],
    "unmount": [Function],
  },
  Symbol(enzyme.__node__): Object {
    "instance": null,
    "key": undefined,
    "nodeType": "function",
    "props": Object {
      "children": <div
        className="container"
>
        <Form
                autoComplete="off"
                onSubmit={[Function]}
                tag="form"
        >
                <FormGroup
                        tag="div"
                >
                        <Input
                                name="first_name"
                                onChange={[Function]}
                                placeholder="First name"
                                type="text"
                                value=""
                        />
                        <Input
                                name="last_name"
                                onChange={[Function]}
                                placeholder="Last name"
                                type="text"
                                value=""
                        />
                        <Input
                                name="email"
                                onChange={[Function]}
                                placeholder="Email"
                                type="email"
                                value=""
                        />
                </FormGroup>
                <FormGroup
                        tag="div"
                >
                        <Input
                                name="password"
                                onChange={[Function]}
                                placeholder="password"
                                type="password"
                                value=""
                        />
                        <Input
                                name="password_confirmation"
                                onChange={[Function]}
                                placeholder="password confirmation"
                                type="password"
                                value=""
                        />
                </FormGroup>
                
                <div
                        className="clearfix"
                >
                        <Button
                                color="primary float-right"
                                disabled={false}
                                size="lg"
                                tag="button"
                        >
                                Register
                        </Button>
                </div>
        </Form>
</div>,
    },
    "ref": null,
    "rendered": Object {
      "instance": null,
      "key": undefined,
      "nodeType": "host",
      "props": Object {
        "children": <Form
          autoComplete="off"
          onSubmit={[Function]}
          tag="form"
>
          <FormGroup
                    tag="div"
          >
                    <Input
                              name="first_name"
                              onChange={[Function]}
                              placeholder="First name"
                              type="text"
                              value=""
                    />
                    <Input
                              name="last_name"
                              onChange={[Function]}
                              placeholder="Last name"
                              type="text"
                              value=""
                    />
                    <Input
                              name="email"
                              onChange={[Function]}
                              placeholder="Email"
                              type="email"
                              value=""
                    />
          </FormGroup>
          <FormGroup
                    tag="div"
          >
                    <Input
                              name="password"
                              onChange={[Function]}
                              placeholder="password"
                              type="password"
                              value=""
                    />
                    <Input
                              name="password_confirmation"
                              onChange={[Function]}
                              placeholder="password confirmation"
                              type="password"
                              value=""
                    />
          </FormGroup>
          
          <div
                    className="clearfix"
          >
                    <Button
                              color="primary float-right"
                              disabled={false}
                              size="lg"
                              tag="button"
                    >
                              Register
                    </Button>
          </div>
</Form>,
        "className": "container",
      },
      "ref": null,
      "rendered": Object {
        "instance": null,
        "key": undefined,
        "nodeType": "function",
        "props": Object {
          "autoComplete": "off",
          "children": Array [
            <FormGroup
              tag="div"
>
              <Input
                            name="first_name"
                            onChange={[Function]}
                            placeholder="First name"
                            type="text"
                            value=""
              />
              <Input
                            name="last_name"
                            onChange={[Function]}
                            placeholder="Last name"
                            type="text"
                            value=""
              />
              <Input
                            name="email"
                            onChange={[Function]}
                            placeholder="Email"
                            type="email"
                            value=""
              />
</FormGroup>,
            <FormGroup
              tag="div"
>
              <Input
                            name="password"
                            onChange={[Function]}
                            placeholder="password"
                            type="password"
                            value=""
              />
              <Input
                            name="password_confirmation"
                            onChange={[Function]}
                            placeholder="password confirmation"
                            type="password"
                            value=""
              />
</FormGroup>,
            "",
            <div
              className="clearfix"
>
              <Button
                            color="primary float-right"
                            disabled={false}
                            size="lg"
                            tag="button"
              >
                            Register
              </Button>
</div>,
          ],
          "onSubmit": [Function],
          "tag": "form",
        },
        "ref": null,
        "rendered": Array [
          Object {
            "instance": null,
            "key": undefined,
            "nodeType": "function",
            "props": Object {
              "children": Array [
                <Input
                  name="first_name"
                  onChange={[Function]}
                  placeholder="First name"
                  type="text"
                  value=""
/>,
                <Input
                  name="last_name"
                  onChange={[Function]}
                  placeholder="Last name"
                  type="text"
                  value=""
/>,
                <Input
                  name="email"
                  onChange={[Function]}
                  placeholder="Email"
                  type="email"
                  value=""
/>,
              ],
              "tag": "div",
            },
            "ref": null,
            "rendered": Array [
              Object {
                "instance": null,
                "key": undefined,
                "nodeType": "class",
                "props": Object {
                  "name": "first_name",
                  "onChange": [Function],
                  "placeholder": "First name",
                  "type": "text",
                  "value": "",
                },
                "ref": null,
                "rendered": null,
                "type": [Function],
              },
              Object {
                "instance": null,
                "key": undefined,
                "nodeType": "class",
                "props": Object {
                  "name": "last_name",
                  "onChange": [Function],
                  "placeholder": "Last name",
                  "type": "text",
                  "value": "",
                },
                "ref": null,
                "rendered": null,
                "type": [Function],
              },
              Object {
                "instance": null,
                "key": undefined,
                "nodeType": "class",
                "props": Object {
                  "name": "email",
                  "onChange": [Function],
                  "placeholder": "Email",
                  "type": "email",
                  "value": "",
                },
                "ref": null,
                "rendered": null,
                "type": [Function],
              },
            ],
            "type": [Function],
          },
          Object {
            "instance": null,
            "key": undefined,
            "nodeType": "function",
            "props": Object {
              "children": Array [
                <Input
                  name="password"
                  onChange={[Function]}
                  placeholder="password"
                  type="password"
                  value=""
/>,
                <Input
                  name="password_confirmation"
                  onChange={[Function]}
                  placeholder="password confirmation"
                  type="password"
                  value=""
/>,
              ],
              "tag": "div",
            },
            "ref": null,
            "rendered": Array [
              Object {
                "instance": null,
                "key": undefined,
                "nodeType": "class",
                "props": Object {
                  "name": "password",
                  "onChange": [Function],
                  "placeholder": "password",
                  "type": "password",
                  "value": "",
                },
                "ref": null,
                "rendered": null,
                "type": [Function],
              },
              Object {
                "instance": null,
                "key": undefined,
                "nodeType": "class",
                "props": Object {
                  "name": "password_confirmation",
                  "onChange": [Function],
                  "placeholder": "password confirmation",
                  "type": "password",
                  "value": "",
                },
                "ref": null,
                "rendered": null,
                "type": [Function],
              },
            ],
            "type": [Function],
          },
          "",
          Object {
            "instance": null,
            "key": undefined,
            "nodeType": "host",
            "props": Object {
              "children": <Button
                color="primary float-right"
                disabled={false}
                size="lg"
                tag="button"
>
                Register
</Button>,
              "className": "clearfix",
            },
            "ref": null,
            "rendered": Object {
              "instance": null,
              "key": undefined,
              "nodeType": "class",
              "props": Object {
                "children": "Register",
                "color": "primary float-right",
                "disabled": false,
                "size": "lg",
                "tag": "button",
              },
              "ref": null,
              "rendered": "Register",
              "type": [Function],
            },
            "type": "div",
          },
        ],
        "type": [Function],
      },
      "type": "div",
    },
    "type": Symbol(react.fragment),
  },
  Symbol(enzyme.__nodes__): Array [
    Object {
      "instance": null,
      "key": undefined,
      "nodeType": "function",
      "props": Object {
        "children": <div
          className="container"
>
          <Form
                    autoComplete="off"
                    onSubmit={[Function]}
                    tag="form"
          >
                    <FormGroup
                              tag="div"
                    >
                              <Input
                                        name="first_name"
                                        onChange={[Function]}
                                        placeholder="First name"
                                        type="text"
                                        value=""
                              />
                              <Input
                                        name="last_name"
                                        onChange={[Function]}
                                        placeholder="Last name"
                                        type="text"
                                        value=""
                              />
                              <Input
                                        name="email"
                                        onChange={[Function]}
                                        placeholder="Email"
                                        type="email"
                                        value=""
                              />
                    </FormGroup>
                    <FormGroup
                              tag="div"
                    >
                              <Input
                                        name="password"
                                        onChange={[Function]}
                                        placeholder="password"
                                        type="password"
                                        value=""
                              />
                              <Input
                                        name="password_confirmation"
                                        onChange={[Function]}
                                        placeholder="password confirmation"
                                        type="password"
                                        value=""
                              />
                    </FormGroup>
                    
                    <div
                              className="clearfix"
                    >
                              <Button
                                        color="primary float-right"
                                        disabled={false}
                                        size="lg"
                                        tag="button"
                              >
                                        Register
                              </Button>
                    </div>
          </Form>
</div>,
      },
      "ref": null,
      "rendered": Object {
        "instance": null,
        "key": undefined,
        "nodeType": "host",
        "props": Object {
          "children": <Form
            autoComplete="off"
            onSubmit={[Function]}
            tag="form"
>
            <FormGroup
                        tag="div"
            >
                        <Input
                                    name="first_name"
                                    onChange={[Function]}
                                    placeholder="First name"
                                    type="text"
                                    value=""
                        />
                        <Input
                                    name="last_name"
                                    onChange={[Function]}
                                    placeholder="Last name"
                                    type="text"
                                    value=""
                        />
                        <Input
                                    name="email"
                                    onChange={[Function]}
                                    placeholder="Email"
                                    type="email"
                                    value=""
                        />
            </FormGroup>
            <FormGroup
                        tag="div"
            >
                        <Input
                                    name="password"
                                    onChange={[Function]}
                                    placeholder="password"
                                    type="password"
                                    value=""
                        />
                        <Input
                                    name="password_confirmation"
                                    onChange={[Function]}
                                    placeholder="password confirmation"
                                    type="password"
                                    value=""
                        />
            </FormGroup>
            
            <div
                        className="clearfix"
            >
                        <Button
                                    color="primary float-right"
                                    disabled={false}
                                    size="lg"
                                    tag="button"
                        >
                                    Register
                        </Button>
            </div>
</Form>,
          "className": "container",
        },
        "ref": null,
        "rendered": Object {
          "instance": null,
          "key": undefined,
          "nodeType": "function",
          "props": Object {
            "autoComplete": "off",
            "children": Array [
              <FormGroup
                tag="div"
>
                <Input
                                name="first_name"
                                onChange={[Function]}
                                placeholder="First name"
                                type="text"
                                value=""
                />
                <Input
                                name="last_name"
                                onChange={[Function]}
                                placeholder="Last name"
                                type="text"
                                value=""
                />
                <Input
                                name="email"
                                onChange={[Function]}
                                placeholder="Email"
                                type="email"
                                value=""
                />
</FormGroup>,
              <FormGroup
                tag="div"
>
                <Input
                                name="password"
                                onChange={[Function]}
                                placeholder="password"
                                type="password"
                                value=""
                />
                <Input
                                name="password_confirmation"
                                onChange={[Function]}
                                placeholder="password confirmation"
                                type="password"
                                value=""
                />
</FormGroup>,
              "",
              <div
                className="clearfix"
>
                <Button
                                color="primary float-right"
                                disabled={false}
                                size="lg"
                                tag="button"
                >
                                Register
                </Button>
</div>,
            ],
            "onSubmit": [Function],
            "tag": "form",
          },
          "ref": null,
          "rendered": Array [
            Object {
              "instance": null,
              "key": undefined,
              "nodeType": "function",
              "props": Object {
                "children": Array [
                  <Input
                    name="first_name"
                    onChange={[Function]}
                    placeholder="First name"
                    type="text"
                    value=""
/>,
                  <Input
                    name="last_name"
                    onChange={[Function]}
                    placeholder="Last name"
                    type="text"
                    value=""
/>,
                  <Input
                    name="email"
                    onChange={[Function]}
                    placeholder="Email"
                    type="email"
                    value=""
/>,
                ],
                "tag": "div",
              },
              "ref": null,
              "rendered": Array [
                Object {
                  "instance": null,
                  "key": undefined,
                  "nodeType": "class",
                  "props": Object {
                    "name": "first_name",
                    "onChange": [Function],
                    "placeholder": "First name",
                    "type": "text",
                    "value": "",
                  },
                  "ref": null,
                  "rendered": null,
                  "type": [Function],
                },
                Object {
                  "instance": null,
                  "key": undefined,
                  "nodeType": "class",
                  "props": Object {
                    "name": "last_name",
                    "onChange": [Function],
                    "placeholder": "Last name",
                    "type": "text",
                    "value": "",
                  },
                  "ref": null,
                  "rendered": null,
                  "type": [Function],
                },
                Object {
                  "instance": null,
                  "key": undefined,
                  "nodeType": "class",
                  "props": Object {
                    "name": "email",
                    "onChange": [Function],
                    "placeholder": "Email",
                    "type": "email",
                    "value": "",
                  },
                  "ref": null,
                  "rendered": null,
                  "type": [Function],
                },
              ],
              "type": [Function],
            },
            Object {
              "instance": null,
              "key": undefined,
              "nodeType": "function",
              "props": Object {
                "children": Array [
                  <Input
                    name="password"
                    onChange={[Function]}
                    placeholder="password"
                    type="password"
                    value=""
/>,
                  <Input
                    name="password_confirmation"
                    onChange={[Function]}
                    placeholder="password confirmation"
                    type="password"
                    value=""
/>,
                ],
                "tag": "div",
              },
              "ref": null,
              "rendered": Array [
                Object {
                  "instance": null,
                  "key": undefined,
                  "nodeType": "class",
                  "props": Object {
                    "name": "password",
                    "onChange": [Function],
                    "placeholder": "password",
                    "type": "password",
                    "value": "",
                  },
                  "ref": null,
                  "rendered": null,
                  "type": [Function],
                },
                Object {
                  "instance": null,
                  "key": undefined,
                  "nodeType": "class",
                  "props": Object {
                    "name": "password_confirmation",
                    "onChange": [Function],
                    "placeholder": "password confirmation",
                    "type": "password",
                    "value": "",
                  },
                  "ref": null,
                  "rendered": null,
                  "type": [Function],
                },
              ],
              "type": [Function],
            },
            "",
            Object {
              "instance": null,
              "key": undefined,
              "nodeType": "host",
              "props": Object {
                "children": <Button
                  color="primary float-right"
                  disabled={false}
                  size="lg"
                  tag="button"
>
                  Register
</Button>,
                "className": "clearfix",
              },
              "ref": null,
              "rendered": Object {
                "instance": null,
                "key": undefined,
                "nodeType": "class",
                "props": Object {
                  "children": "Register",
                  "color": "primary float-right",
                  "disabled": false,
                  "size": "lg",
                  "tag": "button",
                },
                "ref": null,
                "rendered": "Register",
                "type": [Function],
              },
              "type": "div",
            },
          ],
          "type": [Function],
        },
        "type": "div",
      },
      "type": Symbol(react.fragment),
    },
  ],
  Symbol(enzyme.__options__): Object {
    "adapter": ReactSixteenAdapter {
      "options": Object {
        "enableComponentDidUpdateOnSetState": true,
      },
    },
  },
}
`;
