// Jest Snapshot v1, https://goo.gl/fbAQLP

exports[`Shared Pagination should correctly render Pagination 1`] = `
ShallowWrapper {
  "length": 1,
  Symbol(enzyme.__root__): [Circular],
  Symbol(enzyme.__unrendered__): <Unknown />,
  Symbol(enzyme.__renderer__): Object {
    "batchedUpdates": [Function],
    "getNode": [Function],
    "render": [Function],
    "simulateEvent": [Function],
    "unmount": [Function],
  },
  Symbol(enzyme.__node__): Object {
    "instance": null,
    "key": undefined,
    "nodeType": "function",
    "props": Object {
      "children": Array [
        <PaginationItem
          disabled={false}
          tag="li"
>
          <PaginationLink
                    href="#"
                    previous={true}
                    tag="a"
          />
</PaginationItem>,
        Array [
          <PaginationItem
            active={false}
            tag="li"
>
            <PaginationLink
                        href="#"
                        tag="a"
            />
</PaginationItem>,
          <PaginationItem
            active={false}
            tag="li"
>
            <PaginationLink
                        href="#"
                        tag="a"
            />
</PaginationItem>,
          <PaginationItem
            active={false}
            tag="li"
>
            <PaginationLink
                        href="#"
                        tag="a"
            />
</PaginationItem>,
          <PaginationItem
            active={false}
            tag="li"
>
            <PaginationLink
                        href="#"
                        tag="a"
            />
</PaginationItem>,
          <PaginationItem
            active={false}
            tag="li"
>
            <PaginationLink
                        href="#"
                        tag="a"
            />
</PaginationItem>,
        ],
        <PaginationItem
          disabled={true}
          tag="li"
>
          <PaginationLink
                    href="#"
                    next={true}
                    tag="a"
          />
</PaginationItem>,
      ],
      "tag": "ul",
    },
    "ref": null,
    "rendered": Array [
      Object {
        "instance": null,
        "key": undefined,
        "nodeType": "function",
        "props": Object {
          "children": <PaginationLink
            href="#"
            previous={true}
            tag="a"
/>,
          "disabled": false,
          "tag": "li",
        },
        "ref": null,
        "rendered": Object {
          "instance": null,
          "key": undefined,
          "nodeType": "function",
          "props": Object {
            "href": "#",
            "previous": true,
            "tag": "a",
          },
          "ref": null,
          "rendered": null,
          "type": [Function],
        },
        "type": [Function],
      },
      Object {
        "instance": null,
        "key": "pagination-item-1",
        "nodeType": "function",
        "props": Object {
          "active": false,
          "children": <PaginationLink
            href="#"
            tag="a"
/>,
          "tag": "li",
        },
        "ref": null,
        "rendered": Object {
          "instance": null,
          "key": undefined,
          "nodeType": "function",
          "props": Object {
            "children": NaN,
            "href": "#",
            "tag": "a",
          },
          "ref": null,
          "rendered": NaN,
          "type": [Function],
        },
        "type": [Function],
      },
      Object {
        "instance": null,
        "key": "pagination-item-2",
        "nodeType": "function",
        "props": Object {
          "active": false,
          "children": <PaginationLink
            href="#"
            tag="a"
/>,
          "tag": "li",
        },
        "ref": null,
        "rendered": Object {
          "instance": null,
          "key": undefined,
          "nodeType": "function",
          "props": Object {
            "children": NaN,
            "href": "#",
            "tag": "a",
          },
          "ref": null,
          "rendered": NaN,
          "type": [Function],
        },
        "type": [Function],
      },
      Object {
        "instance": null,
        "key": "pagination-item-3",
        "nodeType": "function",
        "props": Object {
          "active": false,
          "children": <PaginationLink
            href="#"
            tag="a"
/>,
          "tag": "li",
        },
        "ref": null,
        "rendered": Object {
          "instance": null,
          "key": undefined,
          "nodeType": "function",
          "props": Object {
            "children": NaN,
            "href": "#",
            "tag": "a",
          },
          "ref": null,
          "rendered": NaN,
          "type": [Function],
        },
        "type": [Function],
      },
      Object {
        "instance": null,
        "key": "pagination-item-4",
        "nodeType": "function",
        "props": Object {
          "active": false,
          "children": <PaginationLink
            href="#"
            tag="a"
/>,
          "tag": "li",
        },
        "ref": null,
        "rendered": Object {
          "instance": null,
          "key": undefined,
          "nodeType": "function",
          "props": Object {
            "children": NaN,
            "href": "#",
            "tag": "a",
          },
          "ref": null,
          "rendered": NaN,
          "type": [Function],
        },
        "type": [Function],
      },
      Object {
        "instance": null,
        "key": "pagination-item-5",
        "nodeType": "function",
        "props": Object {
          "active": false,
          "children": <PaginationLink
            href="#"
            tag="a"
/>,
          "tag": "li",
        },
        "ref": null,
        "rendered": Object {
          "instance": null,
          "key": undefined,
          "nodeType": "function",
          "props": Object {
            "children": NaN,
            "href": "#",
            "tag": "a",
          },
          "ref": null,
          "rendered": NaN,
          "type": [Function],
        },
        "type": [Function],
      },
      Object {
        "instance": null,
        "key": undefined,
        "nodeType": "function",
        "props": Object {
          "children": <PaginationLink
            href="#"
            next={true}
            tag="a"
/>,
          "disabled": true,
          "tag": "li",
        },
        "ref": null,
        "rendered": Object {
          "instance": null,
          "key": undefined,
          "nodeType": "function",
          "props": Object {
            "href": "#",
            "next": true,
            "tag": "a",
          },
          "ref": null,
          "rendered": null,
          "type": [Function],
        },
        "type": [Function],
      },
    ],
    "type": [Function],
  },
  Symbol(enzyme.__nodes__): Array [
    Object {
      "instance": null,
      "key": undefined,
      "nodeType": "function",
      "props": Object {
        "children": Array [
          <PaginationItem
            disabled={false}
            tag="li"
>
            <PaginationLink
                        href="#"
                        previous={true}
                        tag="a"
            />
</PaginationItem>,
          Array [
            <PaginationItem
              active={false}
              tag="li"
>
              <PaginationLink
                            href="#"
                            tag="a"
              />
</PaginationItem>,
            <PaginationItem
              active={false}
              tag="li"
>
              <PaginationLink
                            href="#"
                            tag="a"
              />
</PaginationItem>,
            <PaginationItem
              active={false}
              tag="li"
>
              <PaginationLink
                            href="#"
                            tag="a"
              />
</PaginationItem>,
            <PaginationItem
              active={false}
              tag="li"
>
              <PaginationLink
                            href="#"
                            tag="a"
              />
</PaginationItem>,
            <PaginationItem
              active={false}
              tag="li"
>
              <PaginationLink
                            href="#"
                            tag="a"
              />
</PaginationItem>,
          ],
          <PaginationItem
            disabled={true}
            tag="li"
>
            <PaginationLink
                        href="#"
                        next={true}
                        tag="a"
            />
</PaginationItem>,
        ],
        "tag": "ul",
      },
      "ref": null,
      "rendered": Array [
        Object {
          "instance": null,
          "key": undefined,
          "nodeType": "function",
          "props": Object {
            "children": <PaginationLink
              href="#"
              previous={true}
              tag="a"
/>,
            "disabled": false,
            "tag": "li",
          },
          "ref": null,
          "rendered": Object {
            "instance": null,
            "key": undefined,
            "nodeType": "function",
            "props": Object {
              "href": "#",
              "previous": true,
              "tag": "a",
            },
            "ref": null,
            "rendered": null,
            "type": [Function],
          },
          "type": [Function],
        },
        Object {
          "instance": null,
          "key": "pagination-item-1",
          "nodeType": "function",
          "props": Object {
            "active": false,
            "children": <PaginationLink
              href="#"
              tag="a"
/>,
            "tag": "li",
          },
          "ref": null,
          "rendered": Object {
            "instance": null,
            "key": undefined,
            "nodeType": "function",
            "props": Object {
              "children": NaN,
              "href": "#",
              "tag": "a",
            },
            "ref": null,
            "rendered": NaN,
            "type": [Function],
          },
          "type": [Function],
        },
        Object {
          "instance": null,
          "key": "pagination-item-2",
          "nodeType": "function",
          "props": Object {
            "active": false,
            "children": <PaginationLink
              href="#"
              tag="a"
/>,
            "tag": "li",
          },
          "ref": null,
          "rendered": Object {
            "instance": null,
            "key": undefined,
            "nodeType": "function",
            "props": Object {
              "children": NaN,
              "href": "#",
              "tag": "a",
            },
            "ref": null,
            "rendered": NaN,
            "type": [Function],
          },
          "type": [Function],
        },
        Object {
          "instance": null,
          "key": "pagination-item-3",
          "nodeType": "function",
          "props": Object {
            "active": false,
            "children": <PaginationLink
              href="#"
              tag="a"
/>,
            "tag": "li",
          },
          "ref": null,
          "rendered": Object {
            "instance": null,
            "key": undefined,
            "nodeType": "function",
            "props": Object {
              "children": NaN,
              "href": "#",
              "tag": "a",
            },
            "ref": null,
            "rendered": NaN,
            "type": [Function],
          },
          "type": [Function],
        },
        Object {
          "instance": null,
          "key": "pagination-item-4",
          "nodeType": "function",
          "props": Object {
            "active": false,
            "children": <PaginationLink
              href="#"
              tag="a"
/>,
            "tag": "li",
          },
          "ref": null,
          "rendered": Object {
            "instance": null,
            "key": undefined,
            "nodeType": "function",
            "props": Object {
              "children": NaN,
              "href": "#",
              "tag": "a",
            },
            "ref": null,
            "rendered": NaN,
            "type": [Function],
          },
          "type": [Function],
        },
        Object {
          "instance": null,
          "key": "pagination-item-5",
          "nodeType": "function",
          "props": Object {
            "active": false,
            "children": <PaginationLink
              href="#"
              tag="a"
/>,
            "tag": "li",
          },
          "ref": null,
          "rendered": Object {
            "instance": null,
            "key": undefined,
            "nodeType": "function",
            "props": Object {
              "children": NaN,
              "href": "#",
              "tag": "a",
            },
            "ref": null,
            "rendered": NaN,
            "type": [Function],
          },
          "type": [Function],
        },
        Object {
          "instance": null,
          "key": undefined,
          "nodeType": "function",
          "props": Object {
            "children": <PaginationLink
              href="#"
              next={true}
              tag="a"
/>,
            "disabled": true,
            "tag": "li",
          },
          "ref": null,
          "rendered": Object {
            "instance": null,
            "key": undefined,
            "nodeType": "function",
            "props": Object {
              "href": "#",
              "next": true,
              "tag": "a",
            },
            "ref": null,
            "rendered": null,
            "type": [Function],
          },
          "type": [Function],
        },
      ],
      "type": [Function],
    },
  ],
  Symbol(enzyme.__options__): Object {
    "adapter": ReactSixteenAdapter {
      "options": Object {
        "enableComponentDidUpdateOnSetState": true,
      },
    },
  },
}
`;
