// Jest Snapshot v1, https://goo.gl/fbAQLP

exports[`Shared Toast should correctly render Toast 1`] = `
ShallowWrapper {
  "length": 1,
  Symbol(enzyme.__root__): [Circular],
  Symbol(enzyme.__unrendered__): <Unknown />,
  Symbol(enzyme.__renderer__): Object {
    "batchedUpdates": [Function],
    "getNode": [Function],
    "render": [Function],
    "simulateEvent": [Function],
    "unmount": [Function],
  },
  Symbol(enzyme.__node__): Object {
    "instance": null,
    "key": undefined,
    "nodeType": "class",
    "props": Object {
      "autoClose": 5000,
      "bodyClassName": null,
      "className": null,
      "closeButton": <CloseButton
        ariaLabel="close"
/>,
      "closeOnClick": true,
      "draggable": true,
      "draggablePercent": 80,
      "hideProgressBar": true,
      "newestOnTop": false,
      "pauseOnHover": true,
      "pauseOnVisibilityChange": true,
      "position": "top-center",
      "progressClassName": null,
      "rtl": false,
      "style": null,
      "toastClassName": null,
      "transition": [Function],
    },
    "ref": null,
    "rendered": null,
    "type": [Function],
  },
  Symbol(enzyme.__nodes__): Array [
    Object {
      "instance": null,
      "key": undefined,
      "nodeType": "class",
      "props": Object {
        "autoClose": 5000,
        "bodyClassName": null,
        "className": null,
        "closeButton": <CloseButton
          ariaLabel="close"
/>,
        "closeOnClick": true,
        "draggable": true,
        "draggablePercent": 80,
        "hideProgressBar": true,
        "newestOnTop": false,
        "pauseOnHover": true,
        "pauseOnVisibilityChange": true,
        "position": "top-center",
        "progressClassName": null,
        "rtl": false,
        "style": null,
        "toastClassName": null,
        "transition": [Function],
      },
      "ref": null,
      "rendered": null,
      "type": [Function],
    },
  ],
  Symbol(enzyme.__options__): Object {
    "adapter": ReactSixteenAdapter {
      "options": Object {
        "enableComponentDidUpdateOnSetState": true,
      },
    },
  },
}
`;
